
Lenovo@AKSHETISHEREDESKTOP MINGW64 /e/2023_project/StringBuilders (master)
$ pwd
/e/2023_project/StringBuilders

Lenovo@AKSHETISHEREDESKTOP MINGW64 /e/2023_project/StringBuilders (master)
$ cd ..

Lenovo@AKSHETISHEREDESKTOP MINGW64 /e/2023_project
$ pwd
/e/2023_project

Lenovo@AKSHETISHEREDESKTOP MINGW64 /e/2023_project
$ cd Patterns/

Lenovo@AKSHETISHEREDESKTOP MINGW64 /e/2023_project/Patterns
$ git init
Initialized empty Git repository in E:/2023_project/Patterns/.git/

Lenovo@AKSHETISHEREDESKTOP MINGW64 /e/2023_project/Patterns (master)
$ git remote add origin https://github.com/akshetpatial/Patterns.git

Lenovo@AKSHETISHEREDESKTOP MINGW64 /e/2023_project/Patterns (master)
$ git remote -v
origin  https://github.com/akshetpatial/Patterns.git (fetch)
origin  https://github.com/akshetpatial/Patterns.git (push)

Lenovo@AKSHETISHEREDESKTOP MINGW64 /e/2023_project/Patterns (master)
$ git pull origin main
remote: Enumerating objects: 3, done.
remote: Counting objects: 100% (3/3), done.
remote: Total 3 (delta 0), reused 0 (delta 0), pack-reused 0
Unpacking objects: 100% (3/3), 600 bytes | 6.00 KiB/s, done.
From https://github.com/akshetpatial/Patterns
 * branch            main       -> FETCH_HEAD
 * [new branch]      main       -> origin/main

Lenovo@AKSHETISHEREDESKTOP MINGW64 /e/2023_project/Patterns (master)
$ git push origin main
error: src refspec main does not match any
error: failed to push some refs to 'https://github.com/akshetpatial/Patterns.git'

Lenovo@AKSHETISHEREDESKTOP MINGW64 /e/2023_project/Patterns (master)
$ git push origin master
Total 0 (delta 0), reused 0 (delta 0), pack-reused 0
remote:
remote: Create a pull request for 'master' on GitHub by visiting:
remote:      https://github.com/akshetpatial/Patterns/pull/new/master
remote:
To https://github.com/akshetpatial/Patterns.git
 * [new branch]      master -> master

Lenovo@AKSHETISHEREDESKTOP MINGW64 /e/2023_project/Patterns (master)
$ git status
On branch master
Untracked files:
  (use "git add <file>..." to include in what will be committed)
        .idea/
        Patterns.iml
        src/

nothing added to commit but untracked files present (use "git add" to track)

Lenovo@AKSHETISHEREDESKTOP MINGW64 /e/2023_project/Patterns (master)
$ git add .

Lenovo@AKSHETISHEREDESKTOP MINGW64 /e/2023_project/Patterns (master)
$ git commmit -m "Created the Patterns Directory and Initialize the Git"
git: 'commmit' is not a git command. See 'git --help'.

The most similar command is
        commit

Lenovo@AKSHETISHEREDESKTOP MINGW64 /e/2023_project/Patterns (master)
$ git commit -m "Created the Patterns Directory and Initialize the Git"
[master 4a7145a] Created the Patterns Directory and Initialize the Git
 5 files changed, 36 insertions(+)
 create mode 100644 .idea/.gitignore
 create mode 100644 .idea/misc.xml
 create mode 100644 .idea/modules.xml
 create mode 100644 Patterns.iml
 create mode 100644 src/com/akshet/patterns/Pattern.java

Lenovo@AKSHETISHEREDESKTOP MINGW64 /e/2023_project/Patterns (master)
$ git status
On branch master
nothing to commit, working tree clean

Lenovo@AKSHETISHEREDESKTOP MINGW64 /e/2023_project/Patterns (master)
$ git log -4 --all --graph
* commit 4a7145ac53107fd326f7639c039f1537aeaa1411 (HEAD -> master)
| Author: AKSHET PATIAL <akshet.patial@gmail.com>
| Date:   Tue Mar 21 01:56:07 2023 +0530
|
|     Created the Patterns Directory and Initialize the Git
|
* commit 755946d607ed502e61a6e49d92be790a9f68739d (origin/master, origin/main)
  Author: AKSHET PATIAL <44276149+akshetpatial@users.noreply.github.com>
  Date:   Tue Mar 21 01:53:36 2023 +0530

      Initial commit

Lenovo@AKSHETISHEREDESKTOP MINGW64 /e/2023_project/Patterns (master)
$ git push origin master
Enumerating objects: 13, done.
Counting objects: 100% (13/13), done.
Delta compression using up to 2 threads
Compressing objects: 100% (7/7), done.
Writing objects: 100% (12/12), 1.41 KiB | 241.00 KiB/s, done.
Total 12 (delta 0), reused 0 (delta 0), pack-reused 0
To https://github.com/akshetpatial/Patterns.git
   755946d..4a7145a  master -> master

Lenovo@AKSHETISHEREDESKTOP MINGW64 /e/2023_project/Patterns (master)
$ git status
On branch master
nothing to commit, working tree clean

Lenovo@AKSHETISHEREDESKTOP MINGW64 /e/2023_project/Patterns (master)
$ git push origin master
Everything up-to-date

Lenovo@AKSHETISHEREDESKTOP MINGW64 /e/2023_project/Patterns (master)
$ git log -4 --all --graph
* commit 4a7145ac53107fd326f7639c039f1537aeaa1411 (HEAD -> master, origin/master)
| Author: AKSHET PATIAL <akshet.patial@gmail.com>
| Date:   Tue Mar 21 01:56:07 2023 +0530
|
|     Created the Patterns Directory and Initialize the Git
|
* commit 755946d607ed502e61a6e49d92be790a9f68739d (origin/main)
  Author: AKSHET PATIAL <44276149+akshetpatial@users.noreply.github.com>
  Date:   Tue Mar 21 01:53:36 2023 +0530

      Initial commit

Lenovo@AKSHETISHEREDESKTOP MINGW64 /e/2023_project/Patterns (master)
$ git status
On branch master
Untracked files:
  (use "git add <file>..." to include in what will be committed)
        .idea/vcs.xml
        Patterns.pdf

nothing added to commit but untracked files present (use "git add" to track)

Lenovo@AKSHETISHEREDESKTOP MINGW64 /e/2023_project/Patterns (master)
$ git add .

Lenovo@AKSHETISHEREDESKTOP MINGW64 /e/2023_project/Patterns (master)
$ git commit -m "Added the patterns.pdf file"
[master 7069ccc] Added the patterns.pdf file
 2 files changed, 6 insertions(+)
 create mode 100644 .idea/vcs.xml
 create mode 100644 Patterns.pdf

Lenovo@AKSHETISHEREDESKTOP MINGW64 /e/2023_project/Patterns (master)
$ git status
On branch master
nothing to commit, working tree clean

Lenovo@AKSHETISHEREDESKTOP MINGW64 /e/2023_project/Patterns (master)
$ git log -4 --all --graph
* commit 7069ccce30bc00fd39620b240c70a1af3608d499 (HEAD -> master)
| Author: AKSHET PATIAL <akshet.patial@gmail.com>
| Date:   Tue Mar 21 01:57:41 2023 +0530
|
|     Added the patterns.pdf file
|
* commit 4a7145ac53107fd326f7639c039f1537aeaa1411 (origin/master)
| Author: AKSHET PATIAL <akshet.patial@gmail.com>
| Date:   Tue Mar 21 01:56:07 2023 +0530
|
|     Created the Patterns Directory and Initialize the Git
|
* commit 755946d607ed502e61a6e49d92be790a9f68739d (origin/main)
  Author: AKSHET PATIAL <44276149+akshetpatial@users.noreply.github.com>
  Date:   Tue Mar 21 01:53:36 2023 +0530

      Initial commit

Lenovo@AKSHETISHEREDESKTOP MINGW64 /e/2023_project/Patterns (master)
$ git push origin master
Enumerating objects: 7, done.
Counting objects: 100% (7/7), done.
Delta compression using up to 2 threads
Compressing objects: 100% (5/5), done.
Writing objects: 100% (5/5), 510.62 KiB | 15.96 MiB/s, done.
Total 5 (delta 1), reused 0 (delta 0), pack-reused 0
remote: Resolving deltas: 100% (1/1), completed with 1 local object.
To https://github.com/akshetpatial/Patterns.git
   4a7145a..7069ccc  master -> master

Lenovo@AKSHETISHEREDESKTOP MINGW64 /e/2023_project/Patterns (master)
$ git status
On branch master
nothing to commit, working tree clean

Lenovo@AKSHETISHEREDESKTOP MINGW64 /e/2023_project/Patterns (master)
$ git push origin master
Everything up-to-date

Lenovo@AKSHETISHEREDESKTOP MINGW64 /e/2023_project/Patterns (master)
$ git log -4 --all --graph
* commit 7069ccce30bc00fd39620b240c70a1af3608d499 (HEAD -> master, origin/master)
| Author: AKSHET PATIAL <akshet.patial@gmail.com>
| Date:   Tue Mar 21 01:57:41 2023 +0530
|
|     Added the patterns.pdf file
|
* commit 4a7145ac53107fd326f7639c039f1537aeaa1411
| Author: AKSHET PATIAL <akshet.patial@gmail.com>
| Date:   Tue Mar 21 01:56:07 2023 +0530
|
|     Created the Patterns Directory and Initialize the Git
|
* commit 755946d607ed502e61a6e49d92be790a9f68739d (origin/main)
  Author: AKSHET PATIAL <44276149+akshetpatial@users.noreply.github.com>
  Date:   Tue Mar 21 01:53:36 2023 +0530

      Initial commit


Lenovo@AKSHETISHEREDESKTOP MINGW64 /e/2023_project/Patterns (master)
$ git status
On branch master
Changes to be committed:
  (use "git restore --staged <file>..." to unstage)
        new file:   .idea/uiDesigner.xml
        deleted:    src/com/akshet/patterns/Pattern.java
        new file:   src/com/akshet/patterns/Pattern_Level1.java

Changes not staged for commit:
  (use "git add <file>..." to update what will be committed)
  (use "git restore <file>..." to discard changes in working directory)
        modified:   src/com/akshet/patterns/Pattern_Level1.java

Untracked files:
  (use "git add <file>..." to include in what will be committed)
        out/


Lenovo@AKSHETISHEREDESKTOP MINGW64 /e/2023_project/Patterns (master)
$ git add .

Lenovo@AKSHETISHEREDESKTOP MINGW64 /e/2023_project/Patterns (master)
$ git commit -m "Created Patterns_Level1.java file and added patterns from 1 to 11"
[master 5e2780d] Created Patterns_Level1.java file and added patterns from 1 to 11
 4 files changed, 418 insertions(+), 8 deletions(-)
 create mode 100644 .idea/uiDesigner.xml
 create mode 100644 out/production/Patterns/com/akshet/patterns/Pattern_Level1.class
 delete mode 100644 src/com/akshet/patterns/Pattern.java
 create mode 100644 src/com/akshet/patterns/Pattern_Level1.java

Lenovo@AKSHETISHEREDESKTOP MINGW64 /e/2023_project/Patterns (master)
$ git status
On branch master
nothing to commit, working tree clean

Lenovo@AKSHETISHEREDESKTOP MINGW64 /e/2023_project/Patterns (master)
$ git log -4 --all --graph
* commit 5e2780d1223701628c78bed4c3d8d2d9227eb81a (HEAD -> master)
| Author: AKSHET PATIAL <akshet.patial@gmail.com>
| Date:   Wed Mar 22 01:21:22 2023 +0530
|
|     Created Patterns_Level1.java file and added patterns from 1 to 11
|
* commit c8ea9be8af83d97c669770210463d91c44ebc0a3 (origin/master)
| Author: AKSHET PATIAL <akshet.patial@gmail.com>
| Date:   Tue Mar 21 02:00:34 2023 +0530
|
|     Created the commands.txt file
|
* commit 7069ccce30bc00fd39620b240c70a1af3608d499
| Author: AKSHET PATIAL <akshet.patial@gmail.com>
| Date:   Tue Mar 21 01:57:41 2023 +0530
|
|     Added the patterns.pdf file
|
* commit 4a7145ac53107fd326f7639c039f1537aeaa1411
| Author: AKSHET PATIAL <akshet.patial@gmail.com>
| Date:   Tue Mar 21 01:56:07 2023 +0530
|
|     Created the Patterns Directory and Initialize the Git

Lenovo@AKSHETISHEREDESKTOP MINGW64 /e/2023_project/Patterns (master)
$ git push origin master
Enumerating objects: 21, done.
Counting objects: 100% (21/21), done.
Delta compression using up to 2 threads
Compressing objects: 100% (6/6), done.
Writing objects: 100% (16/16), 4.59 KiB | 671.00 KiB/s, done.
Total 16 (delta 2), reused 0 (delta 0), pack-reused 0
remote: Resolving deltas: 100% (2/2), completed with 2 local objects.
To https://github.com/akshetpatial/Patterns.git
   c8ea9be..5e2780d  master -> master

Lenovo@AKSHETISHEREDESKTOP MINGW64 /e/2023_project/Patterns (master)
$ git status
On branch master
nothing to commit, working tree clean

$ git status
On branch master
Changes not staged for commit:
  (use "git add <file>..." to update what will be committed)
  (use "git restore <file>..." to discard changes in working directory)
        modified:   out/production/Patterns/com/akshet/patterns/Pattern_Level1.class
        modified:   src/com/akshet/patterns/Pattern_Level1.java

no changes added to commit (use "git add" and/or "git commit -a")

Lenovo@AKSHETISHEREDESKTOP MINGW64 /e/2023_project/Patterns (master)
$ git add .

Lenovo@AKSHETISHEREDESKTOP MINGW64 /e/2023_project/Patterns (master)
$ git commit -m "added Pattern 12 to 15 in Pattern+Level1.java file"
[master f41ca21] added Pattern 12 to 15 in Pattern+Level1.java file
 2 files changed, 114 insertions(+), 4 deletions(-)
 rewrite out/production/Patterns/com/akshet/patterns/Pattern_Level1.class (84%)

Lenovo@AKSHETISHEREDESKTOP MINGW64 /e/2023_project/Patterns (master)
$ git status
On branch master
nothing to commit, working tree clean
Lenovo@AKSHETISHEREDESKTOP MINGW64 /e/2023_project/Patterns (master)
$ git log -4 --all --graph
* commit f41ca211dabd8a81ea159935955ab4a2a76c539f (HEAD -> master)
| Author: AKSHET PATIAL <akshet.patial@gmail.com>
| Date:   Wed Mar 22 13:22:20 2023 +0530
|
|     added Pattern 12 to 15 in Pattern+Level1.java file
|
* commit f610bbe40ffd0a114fd2fefd4f70d115fe6164f1 (origin/master)
| Author: AKSHET PATIAL <akshet.patial@gmail.com>
| Date:   Wed Mar 22 01:24:02 2023 +0530
|
|     Added commands related to Pattern_level1 file
|
* commit 5e2780d1223701628c78bed4c3d8d2d9227eb81a
| Author: AKSHET PATIAL <akshet.patial@gmail.com>
| Date:   Wed Mar 22 01:21:22 2023 +0530
|
|     Created Patterns_Level1.java file and added patterns from 1 to 11
|
* commit c8ea9be8af83d97c669770210463d91c44ebc0a3
| Author: AKSHET PATIAL <akshet.patial@gmail.com>
| Date:   Tue Mar 21 02:00:34 2023 +0530
|
|     Created the commands.txt file

Lenovo@AKSHETISHEREDESKTOP MINGW64 /e/2023_project/Patterns (master)
$ git push origin master
Enumerating objects: 26, done.
Counting objects: 100% (26/26), done.
Delta compression using up to 2 threads
Compressing objects: 100% (4/4), done.
Writing objects: 100% (14/14), 3.77 KiB | 642.00 KiB/s, done.
Total 14 (delta 2), reused 0 (delta 0), pack-reused 0
remote: Resolving deltas: 100% (2/2), completed with 2 local objects.
To https://github.com/akshetpatial/Patterns.git
   f610bbe..f41ca21  master -> master

Lenovo@AKSHETISHEREDESKTOP MINGW64 /e/2023_project/Patterns (master)
$ git status
On branch master
nothing to commit, working tree clean

Lenovo@AKSHETISHEREDESKTOP MINGW64 /e/2023_project/Patterns (master)
$ git status
On branch master
Changes not staged for commit:
  (use "git add <file>..." to update what will be committed)
  (use "git restore <file>..." to discard changes in working directory)
        modified:   out/production/Patterns/com/akshet/patterns/Pattern_Level1.class
        modified:   src/com/akshet/patterns/Pattern_Level1.java

Untracked files:
  (use "git add <file>..." to include in what will be committed)
        src/com/akshet/patterns/Pattern_Level2.java

no changes added to commit (use "git add" and/or "git commit -a")

Lenovo@AKSHETISHEREDESKTOP MINGW64 /e/2023_project/Patterns (master)
$ git add out/production/Patterns/com/akshet/patterns/Pattern_Level1.class src/com/akshet/patterns/Pattern_Level1.java

Lenovo@AKSHETISHEREDESKTOP MINGW64 /e/2023_project/Patterns (master)
$ git commit -m "Added the Pattern 16 to 20 in Pattern_Level1.java file"
[master 6d29054] Added the Pattern 16 to 20 in Pattern_Level1.java file
 2 files changed, 179 insertions(+), 1 deletion(-)
 rewrite out/production/Patterns/com/akshet/patterns/Pattern_Level1.class (78%)

Lenovo@AKSHETISHEREDESKTOP MINGW64 /e/2023_project/Patterns (master)
$ git status
On branch master
Untracked files:
  (use "git add <file>..." to include in what will be committed)
        src/com/akshet/patterns/Pattern_Level2.java

nothing added to commit but untracked files present (use "git add" to track)

Lenovo@AKSHETISHEREDESKTOP MINGW64 /e/2023_project/Patterns (master)
$ git add .

Lenovo@AKSHETISHEREDESKTOP MINGW64 /e/2023_project/Patterns (master)
$ git commit -m "Created the Pattern_Level2.java file"
[master e5c41b2] Created the Pattern_Level2.java file
 1 file changed, 13 insertions(+)
 create mode 100644 src/com/akshet/patterns/Pattern_Level2.java

Lenovo@AKSHETISHEREDESKTOP MINGW64 /e/2023_project/Patterns (master)
$ git status
On branch master
nothing to commit, working tree clean

Lenovo@AKSHETISHEREDESKTOP MINGW64 /e/2023_project/Patterns (master)
$ git log -4 --all --graph
* commit e5c41b25fc5d7415ce639d4aabd0ec4cdeb739f9 (HEAD -> master)
| Author: AKSHET PATIAL <akshet.patial@gmail.com>
| Date:   Thu Mar 23 02:01:12 2023 +0530
|
|     Created the Pattern_Level2.java file
|
* commit 6d29054b4d09c8934a87872aa15a08f22f4339f9
| Author: AKSHET PATIAL <akshet.patial@gmail.com>
| Date:   Thu Mar 23 02:00:26 2023 +0530
|
|     Added the Pattern 16 to 20 in Pattern_Level1.java file
|
* commit a6418f61e03ca632fe2b549f2fb043a80a5569c2 (origin/master)
| Author: AKSHET PATIAL <akshet.patial@gmail.com>
| Date:   Wed Mar 22 13:23:43 2023 +0530
|
|     added command related to Pattern 12 to 15 in commands.txt file
|
* commit f41ca211dabd8a81ea159935955ab4a2a76c539f
| Author: AKSHET PATIAL <akshet.patial@gmail.com>
| Date:   Wed Mar 22 13:22:20 2023 +0530
|
|     added Pattern 12 to 15 in Pattern+Level1.java file

Lenovo@AKSHETISHEREDESKTOP MINGW64 /e/2023_project/Patterns (master)
$ git push origin master
Enumerating objects: 33, done.
Counting objects: 100% (33/33), done.
Delta compression using up to 2 threads
Compressing objects: 100% (8/8), done.
Writing objects: 100% (21/21), 5.71 KiB | 649.00 KiB/s, done.
Total 21 (delta 3), reused 0 (delta 0), pack-reused 0
remote: Resolving deltas: 100% (3/3), completed with 2 local objects.
To https://github.com/akshetpatial/Patterns.git
   a6418f6..e5c41b2  master -> master

